// Jest Snapshot v1, https://goo.gl/fbAQLP

exports[`DownloadCsvButton clicking generates complete csv 1`] = `
Array [
  Array [
    "Location",
    "Time period",
    "Characteristics",
    "School type",
    "Authorised absence rate (%)",
    "Number of authorised absence sessions",
  ],
  Array [
    "England",
    "2014/15",
    "Male",
    "State-funded-primary",
    undefined,
    undefined,
  ],
  Array [
    "England",
    "2014/15",
    "Male",
    "State-funded secondary",
    undefined,
    undefined,
  ],
  Array [
    "England",
    "2014/15",
    "Female",
    "State-funded-primary",
    undefined,
    undefined,
  ],
  Array [
    "England",
    "2014/15",
    "Female",
    "State-funded secondary",
    undefined,
    undefined,
  ],
  Array [
    "England",
    "2015/16",
    "Male",
    "State-funded-primary",
    undefined,
    undefined,
  ],
  Array [
    "England",
    "2015/16",
    "Male",
    "State-funded secondary",
    undefined,
    undefined,
  ],
  Array [
    "England",
    "2015/16",
    "Female",
    "State-funded-primary",
    undefined,
    undefined,
  ],
  Array [
    "England",
    "2015/16",
    "Female",
    "State-funded secondary",
    undefined,
    undefined,
  ],
  Array [
    "South Yorkshire",
    "2014/15",
    "Male",
    "State-funded-primary",
    undefined,
    undefined,
  ],
  Array [
    "South Yorkshire",
    "2014/15",
    "Male",
    "State-funded secondary",
    "n/a",
    "n/a",
  ],
  Array [
    "South Yorkshire",
    "2014/15",
    "Female",
    "State-funded-primary",
    "n/a",
    "n/a",
  ],
  Array [
    "South Yorkshire",
    "2014/15",
    "Female",
    "State-funded secondary",
    "n/a",
    "n/a",
  ],
  Array [
    "South Yorkshire",
    "2015/16",
    "Male",
    "State-funded-primary",
    "n/a",
    "n/a",
  ],
  Array [
    "South Yorkshire",
    "2015/16",
    "Male",
    "State-funded secondary",
    "n/a",
    "n/a",
  ],
  Array [
    "South Yorkshire",
    "2015/16",
    "Female",
    "State-funded-primary",
    "n/a",
    "n/a",
  ],
  Array [
    "South Yorkshire",
    "2015/16",
    "Female",
    "State-funded secondary",
    "n/a",
    "n/a",
  ],
]
`;

exports[`DownloadCsvButton generated csv can contain suppressed or cells with no result  1`] = `
Array [
  Array [
    "Location",
    "Time period",
    "Characteristics",
    "School type",
    "Authorised absence rate (%)",
    "Number of authorised absence sessions",
  ],
  Array [
    "England",
    "2014/15",
    "Male",
    "State-funded-primary",
    "n/a",
    "n/a",
  ],
  Array [
    "England",
    "2014/15",
    "Male",
    "State-funded secondary",
    "n/a",
    "n/a",
  ],
  Array [
    "England",
    "2014/15",
    "Female",
    "State-funded-primary",
    "n/a",
    "n/a",
  ],
  Array [
    "England",
    "2014/15",
    "Female",
    "State-funded secondary",
    "n/a",
    "n/a",
  ],
  Array [
    "England",
    "2015/16",
    "Male",
    "State-funded-primary",
    "n/a",
    "n/a",
  ],
  Array [
    "England",
    "2015/16",
    "Male",
    "State-funded secondary",
    "n/a",
    "n/a",
  ],
  Array [
    "England",
    "2015/16",
    "Female",
    "State-funded-primary",
    undefined,
    undefined,
  ],
  Array [
    "England",
    "2015/16",
    "Female",
    "State-funded secondary",
    "n/a",
    "n/a",
  ],
  Array [
    "South Yorkshire",
    "2014/15",
    "Male",
    "State-funded-primary",
    "n/a",
    "n/a",
  ],
  Array [
    "South Yorkshire",
    "2014/15",
    "Male",
    "State-funded secondary",
    "n/a",
    "n/a",
  ],
  Array [
    "South Yorkshire",
    "2014/15",
    "Female",
    "State-funded-primary",
    "n/a",
    "n/a",
  ],
  Array [
    "South Yorkshire",
    "2014/15",
    "Female",
    "State-funded secondary",
    "n/a",
    "n/a",
  ],
  Array [
    "South Yorkshire",
    "2015/16",
    "Male",
    "State-funded-primary",
    "n/a",
    "n/a",
  ],
  Array [
    "South Yorkshire",
    "2015/16",
    "Male",
    "State-funded secondary",
    "n/a",
    "n/a",
  ],
  Array [
    "South Yorkshire",
    "2015/16",
    "Female",
    "State-funded-primary",
    "n/a",
    "n/a",
  ],
  Array [
    "South Yorkshire",
    "2015/16",
    "Female",
    "State-funded secondary",
    "n/a",
    "n/a",
  ],
]
`;

exports[`DownloadCsvButton generated csv does not format values 1`] = `
Array [
  Array [
    "Location",
    "Time period",
    "Characteristics",
    "School type",
    "Authorised absence rate (%)",
    "Number of authorised absence sessions",
  ],
  Array [
    "England",
    "2014/15",
    "Male",
    "State-funded-primary",
    "n/a",
    "n/a",
  ],
  Array [
    "England",
    "2014/15",
    "Male",
    "State-funded secondary",
    "n/a",
    "n/a",
  ],
  Array [
    "England",
    "2014/15",
    "Female",
    "State-funded-primary",
    "n/a",
    "n/a",
  ],
  Array [
    "England",
    "2014/15",
    "Female",
    "State-funded secondary",
    "n/a",
    "n/a",
  ],
  Array [
    "England",
    "2015/16",
    "Male",
    "State-funded-primary",
    "n/a",
    "n/a",
  ],
  Array [
    "England",
    "2015/16",
    "Male",
    "State-funded secondary",
    "n/a",
    "n/a",
  ],
  Array [
    "England",
    "2015/16",
    "Female",
    "State-funded-primary",
    undefined,
    undefined,
  ],
  Array [
    "England",
    "2015/16",
    "Female",
    "State-funded secondary",
    "n/a",
    "n/a",
  ],
  Array [
    "South Yorkshire",
    "2014/15",
    "Male",
    "State-funded-primary",
    "n/a",
    "n/a",
  ],
  Array [
    "South Yorkshire",
    "2014/15",
    "Male",
    "State-funded secondary",
    "n/a",
    "n/a",
  ],
  Array [
    "South Yorkshire",
    "2014/15",
    "Female",
    "State-funded-primary",
    "n/a",
    "n/a",
  ],
  Array [
    "South Yorkshire",
    "2014/15",
    "Female",
    "State-funded secondary",
    "n/a",
    "n/a",
  ],
  Array [
    "South Yorkshire",
    "2015/16",
    "Male",
    "State-funded-primary",
    "n/a",
    "n/a",
  ],
  Array [
    "South Yorkshire",
    "2015/16",
    "Male",
    "State-funded secondary",
    "n/a",
    "n/a",
  ],
  Array [
    "South Yorkshire",
    "2015/16",
    "Female",
    "State-funded-primary",
    "n/a",
    "n/a",
  ],
  Array [
    "South Yorkshire",
    "2015/16",
    "Female",
    "State-funded secondary",
    "n/a",
    "n/a",
  ],
]
`;
