// Jest Snapshot v1, https://goo.gl/fbAQLP

exports[`Comments renders list of comments when comments are opened 1`] = `
<ul
  class="commentsContainer"
>
  <li
    class="govuk-body-s"
  >
    <p
      class="govuk-!-margin-0"
    >
      <strong>
        John Smith
      </strong>
    </p>
    <p>
      
      <time>
        6 June 2020 12:00
      </time>
    </p>
    <p>
      Test comment 1
    </p>
    <hr />
  </li>
  <li
    class="govuk-body-s"
  >
    <p
      class="govuk-!-margin-0"
    >
      <strong>
        Jane Roberts
      </strong>
    </p>
    <p>
      Updated: 
      <time>
        7 June 2020 15:00
      </time>
    </p>
    <p>
      Test comment 2
    </p>
    <hr />
  </li>
</ul>
`;
