// Jest Snapshot v1, https://goo.gl/fbAQLP

exports[`Comments renders list of comments when comments are opened 1`] = `
<ul
  class="commentsContainer"
>
  <li
    class="govuk-body-s"
  >
    <p
      class="govuk-!-margin-0"
    >
      <strong>
        John Smith
      </strong>
    </p>
    <p
      class="govuk-!-margin-0"
    >
      Created: 
      <time>
        06/06/20 12:00
      </time>
    </p>
    <p
      class="govuk-!-margin-top-3"
    >
      Test comment 1
    </p>
    <div
      class="group"
    >
      <button
        class="button"
        type="button"
      >
        Resolve
      </button>
    </div>
    <hr />
  </li>
  <li
    class="govuk-body-s"
  >
    <p
      class="govuk-!-margin-0"
    >
      <strong>
        Jane Roberts
      </strong>
    </p>
    <p
      class="govuk-!-margin-0"
    >
      Created: 
      <time>
        06/06/20 11:00
      </time>
    </p>
    <p
      class="govuk-!-margin-0"
    >
      Updated: 
      <time>
        07/06/20 15:00
      </time>
    </p>
    <p
      class="govuk-!-margin-top-3"
    >
      Test comment 2
    </p>
    <div
      class="group"
    >
      <button
        class="button"
        type="button"
      >
        Resolve
      </button>
    </div>
    <hr />
  </li>
</ul>
`;
