Test publication
2020 Reporting year

This document describes the data included in the ‘Children looked after in England'

Data files

Test data 1

Filename: test-1.csv
Time period: 2018

Variable names and descriptions for this file are provided below:

Variable name       |  Variable description
------------------  |  ------------------
accommodation_type  |  Accommodation type
