Test publication
2020 Reporting year

Description

This document describes the data included in the ‘Children looked after in England including adoptions: 2019 to 2020’ National Statistics release’s underlying data files. This data is released under the terms of the Open Government License and is intended to meet at least three stars for Open Data.

Coverage

This data is based upon information collected in the SSDA903 (CLA) data collection. It is a child level dataset collected from local authorities in England annually. The data includes information on:

- children looked after at 31 March in each year, including unaccompanied asylum seeking children
- children looked after at any time
- children who started to be looked after
- children who ceased to be looked after
