time_period,time_identifier,geographic_level,country_code,country_name,region_code,region_name,filter_0_grouping,filter_1_grouping,name_of_filter_0,name_of_filter_1,name_of_filter_2,name_of_indicator_0,name_of_indicator_1,name_of_indicator_2
202223,Academic year,Regional,E92000001,England,E13000002,Outer London,Filter group 0,Filter group 2,Label of FilterItem 0,Label of FilterItem 2,Label of FilterItem 4,-29241,32490,-26972
202223,Academic year,Regional,E92000001,England,E13000002,Outer London,Filter group 0,Filter group 2,Label of FilterItem 0,Label of FilterItem 2,Label of FilterItem 4,11391,-31271,-1597
202324,Academic year,Regional,E92000001,England,E12000003,Yorkshire and the Humber,Filter group 1,Filter group 3,Label of FilterItem 1,Label of FilterItem 3,Label of FilterItem 5,-13513,-29497,23779
202324,Academic year,Regional,E92000001,England,E12000003,Yorkshire and the Humber,Filter group 1,Filter group 3,Label of FilterItem 1,Label of FilterItem 3,Label of FilterItem 5,27119,-27723,-16381
