// Jest Snapshot v1, https://goo.gl/fbAQLP

exports[`ErrorSummary renders correctly with some errors 1`] = `
<div class="govuk-error-summary"
     tabindex="-1"
     data-testid="errorSummary"
>
  <div role="alert">
    <h2 class="govuk-error-summary__title">
      There is a problem
    </h2>
    <div class="govuk-error-summary__body">
      <ul class="govuk-list govuk-error-summary__list">
        <li>
          <a href="#test-error-1">
            Something went wrong 1
          </a>
        </li>
        <li>
          <a href="#test-error-2">
            Something went wrong 2
          </a>
        </li>
      </ul>
    </div>
  </div>
</div>
`;
