// Jest Snapshot v1, https://goo.gl/fbAQLP

exports[`HorzontalBarBlock renders basic chart correctly 1`] = `
<div>
  <div
    class="recharts-responsive-container"
    style="width: 900px; height: 300px;"
  >
    <div
      class="recharts-wrapper"
      style="position: relative; cursor: default; width: 900px; height: 300px;"
    >
      <svg
        class="recharts-surface"
        height="300"
        version="1.1"
        viewBox="0 0 900 300"
        width="900"
      >
        <defs>
          <clippath
            id="recharts4-clip"
          >
            <rect
              height="260"
              width="810"
              x="90"
              y="10"
            />
          </clippath>
        </defs>
        <g
          class="recharts-cartesian-grid"
        >
          <g
            class="recharts-cartesian-grid-horizontal"
          >
            <line
              fill="none"
              height="260"
              stroke="#ccc"
              stroke-dasharray="3 3"
              width="810"
              x="90"
              x1="90"
              x2="900"
              y="10"
              y1="75"
              y2="75"
            />
            <line
              fill="none"
              height="260"
              stroke="#ccc"
              stroke-dasharray="3 3"
              width="810"
              x="90"
              x1="90"
              x2="900"
              y="10"
              y1="205"
              y2="205"
            />
            <line
              fill="none"
              height="260"
              stroke="#ccc"
              stroke-dasharray="3 3"
              width="810"
              x="90"
              x1="90"
              x2="900"
              y="10"
              y1="10"
              y2="10"
            />
            <line
              fill="none"
              height="260"
              stroke="#ccc"
              stroke-dasharray="3 3"
              width="810"
              x="90"
              x1="90"
              x2="900"
              y="10"
              y1="270"
              y2="270"
            />
          </g>
          <g
            class="recharts-cartesian-grid-vertical"
          >
            <line
              fill="none"
              height="260"
              stroke="#ccc"
              stroke-dasharray="3 3"
              width="810"
              x="90"
              x1="110"
              x2="110"
              y="10"
              y1="10"
              y2="270"
            />
            <line
              fill="none"
              height="260"
              stroke="#ccc"
              stroke-dasharray="3 3"
              width="810"
              x="90"
              x1="310.8695652173913"
              x2="310.8695652173913"
              y="10"
              y1="10"
              y2="270"
            />
            <line
              fill="none"
              height="260"
              stroke="#ccc"
              stroke-dasharray="3 3"
              width="810"
              x="90"
              x1="511.7391304347826"
              x2="511.7391304347826"
              y="10"
              y1="10"
              y2="270"
            />
            <line
              fill="none"
              height="260"
              stroke="#ccc"
              stroke-dasharray="3 3"
              width="810"
              x="90"
              x1="880"
              x2="880"
              y="10"
              y1="10"
              y2="270"
            />
            <line
              fill="none"
              height="260"
              stroke="#ccc"
              stroke-dasharray="3 3"
              width="810"
              x="90"
              x1="90"
              x2="90"
              y="10"
              y1="10"
              y2="270"
            />
            <line
              fill="none"
              height="260"
              stroke="#ccc"
              stroke-dasharray="3 3"
              width="810"
              x="90"
              x1="900"
              x2="900"
              y="10"
              y1="10"
              y2="270"
            />
          </g>
        </g>
        <g
          class="recharts-layer recharts-cartesian-axis recharts-xAxis xAxis"
        >
          <line
            class="recharts-cartesian-axis-line"
            fill="none"
            height="30"
            stroke="#666"
            width="810"
            x="90"
            x1="90"
            x2="900"
            y="270"
            y1="270"
            y2="270"
          />
          <g
            class="recharts-cartesian-axis-ticks"
          >
            <g
              class="recharts-layer recharts-cartesian-axis-tick"
            >
              <line
                class="recharts-cartesian-axis-tick-line"
                fill="none"
                height="30"
                stroke="#666"
                width="810"
                x="90"
                x1="110"
                x2="110"
                y="270"
                y1="276"
                y2="270"
              />
              <text
                class="recharts-text recharts-cartesian-axis-tick-value"
                fill="#666"
                height="30"
                stroke="none"
                text-anchor="middle"
                width="810"
                x="110"
                y="286"
              >
                <tspan
                  dy="0.71em"
                  x="110"
                >
                  -3
                </tspan>
              </text>
            </g>
            <g
              class="recharts-layer recharts-cartesian-axis-tick"
            >
              <line
                class="recharts-cartesian-axis-tick-line"
                fill="none"
                height="30"
                stroke="#666"
                width="810"
                x="90"
                x1="310.8695652173913"
                x2="310.8695652173913"
                y="270"
                y1="276"
                y2="270"
              />
              <text
                class="recharts-text recharts-cartesian-axis-tick-value"
                fill="#666"
                height="30"
                stroke="none"
                text-anchor="middle"
                width="810"
                x="310.8695652173913"
                y="286"
              >
                <tspan
                  dy="0.71em"
                  x="310.8695652173913"
                >
                  3
                </tspan>
              </text>
            </g>
            <g
              class="recharts-layer recharts-cartesian-axis-tick"
            >
              <line
                class="recharts-cartesian-axis-tick-line"
                fill="none"
                height="30"
                stroke="#666"
                width="810"
                x="90"
                x1="511.7391304347826"
                x2="511.7391304347826"
                y="270"
                y1="276"
                y2="270"
              />
              <text
                class="recharts-text recharts-cartesian-axis-tick-value"
                fill="#666"
                height="30"
                stroke="none"
                text-anchor="middle"
                width="810"
                x="511.7391304347826"
                y="286"
              >
                <tspan
                  dy="0.71em"
                  x="511.7391304347826"
                >
                  9
                </tspan>
              </text>
            </g>
            <g
              class="recharts-layer recharts-cartesian-axis-tick"
            >
              <line
                class="recharts-cartesian-axis-tick-line"
                fill="none"
                height="30"
                stroke="#666"
                width="810"
                x="90"
                x1="880"
                x2="880"
                y="270"
                y1="276"
                y2="270"
              />
              <text
                class="recharts-text recharts-cartesian-axis-tick-value"
                fill="#666"
                height="30"
                stroke="none"
                text-anchor="middle"
                width="810"
                x="880"
                y="286"
              >
                <tspan
                  dy="0.71em"
                  x="880"
                >
                  20
                </tspan>
              </text>
            </g>
          </g>
        </g>
        <g
          class="recharts-layer recharts-cartesian-axis recharts-yAxis yAxis"
        >
          <line
            class="recharts-cartesian-axis-line"
            fill="none"
            height="260"
            stroke="#666"
            width="60"
            x="30"
            x1="90"
            x2="90"
            y="10"
            y1="10"
            y2="270"
          />
          <g
            class="recharts-cartesian-axis-ticks"
          >
            <g
              class="recharts-layer recharts-cartesian-axis-tick"
            >
              <line
                class="recharts-cartesian-axis-tick-line"
                fill="none"
                height="260"
                stroke="#666"
                width="60"
                x="30"
                x1="84"
                x2="90"
                y="10"
                y1="75"
                y2="75"
              />
              <text
                class="recharts-text recharts-cartesian-axis-tick-value"
                fill="#666"
                height="260"
                stroke="none"
                text-anchor="end"
                width="60"
                x="82"
                y="75"
              >
                <tspan
                  dy="0.355em"
                  x="82"
                >
                  2014/15
                </tspan>
              </text>
            </g>
            <g
              class="recharts-layer recharts-cartesian-axis-tick"
            >
              <line
                class="recharts-cartesian-axis-tick-line"
                fill="none"
                height="260"
                stroke="#666"
                width="60"
                x="30"
                x1="84"
                x2="90"
                y="10"
                y1="205"
                y2="205"
              />
              <text
                class="recharts-text recharts-cartesian-axis-tick-value"
                fill="#666"
                height="260"
                stroke="none"
                text-anchor="end"
                width="60"
                x="82"
                y="205"
              >
                <tspan
                  dy="0.355em"
                  x="82"
                >
                  2015/16
                </tspan>
              </text>
            </g>
          </g>
        </g>
        <g
          class="recharts-layer recharts-bar"
        >
          <g
            class="recharts-layer recharts-bar-rectangles"
          >
            <g
              class="recharts-layer recharts-bar-rectangle"
            >
              <path
                class="recharts-rectangle"
                d="M 210.43478260869563,23 h 100.43478260869568 v 32 h -100.43478260869568 Z"
                fill="#ff0000"
                height="32"
                radius="0"
                stroke="#ff0000"
                width="100.43478260869568"
                x="210.43478260869563"
                y="23"
              />
            </g>
            <g
              class="recharts-layer recharts-bar-rectangle"
            >
              <path
                class="recharts-rectangle"
                d="M 210.43478260869563,153 h -100.43478260869563 v 32 h 100.43478260869563 Z"
                fill="#ff0000"
                height="32"
                radius="0"
                stroke="#ff0000"
                width="-100.43478260869563"
                x="210.43478260869563"
                y="153"
              />
            </g>
          </g>
        </g>
        <g
          class="recharts-layer recharts-bar"
        >
          <g
            class="recharts-layer recharts-bar-rectangles"
          >
            <g
              class="recharts-layer recharts-bar-rectangle"
            >
              <path
                class="recharts-rectangle"
                d="M 210.43478260869563,59 h 334.78260869565213 v 32 h -334.78260869565213 Z"
                fill="#00ff00"
                height="32"
                radius="0"
                stroke="#00ff00"
                width="334.78260869565213"
                x="210.43478260869563"
                y="59"
              />
            </g>
            <g
              class="recharts-layer recharts-bar-rectangle"
            >
              <path
                class="recharts-rectangle"
                d="M 210.43478260869563,189 h 133.91304347826087 v 32 h -133.91304347826087 Z"
                fill="#00ff00"
                height="32"
                radius="0"
                stroke="#00ff00"
                width="133.91304347826087"
                x="210.43478260869563"
                y="189"
              />
            </g>
          </g>
        </g>
        <g
          class="recharts-layer recharts-bar"
        >
          <g
            class="recharts-layer recharts-bar-rectangles"
          >
            <g
              class="recharts-layer recharts-bar-rectangle"
            >
              <path
                class="recharts-rectangle"
                d="M 210.43478260869563,95 h 167.39130434782612 v 32 h -167.39130434782612 Z"
                fill="#0000ff"
                height="32"
                radius="0"
                stroke="#0000ff"
                width="167.39130434782612"
                x="210.43478260869563"
                y="95"
              />
            </g>
            <g
              class="recharts-layer recharts-bar-rectangle"
            >
              <path
                class="recharts-rectangle"
                d="M 210.43478260869563,225 h 33.47826086956525 v 32 h -33.47826086956525 Z"
                fill="#0000ff"
                height="32"
                radius="0"
                stroke="#0000ff"
                width="33.47826086956525"
                x="210.43478260869563"
                y="225"
              />
            </g>
          </g>
        </g>
      </svg>
      <div
        class="recharts-legend-wrapper"
        style="position: absolute; width: 870px; height: 50px; left: 30px; top: 10px;"
      >
        <ul
          class="recharts-default-legend"
          style="padding: 0px; margin: 0px; text-align: center;"
        >
          <li
            class="recharts-legend-item legend-item-0"
            style="display: inline-block; margin-right: 10px;"
          >
            <svg
              class="recharts-surface"
              height="14"
              style="display: inline-block; vertical-align: middle; margin-right: 4px;"
              version="1.1"
              viewBox="0 0 32 32"
              width="14"
            >
              <path
                class="recharts-legend-icon"
                d="M0,4h32v24h-32z"
                fill="#ff0000"
                stroke="none"
              />
            </svg>
            <span
              class="recharts-legend-item-text"
            >
              Unauthorised absence rate
            </span>
          </li>
          <li
            class="recharts-legend-item legend-item-1"
            style="display: inline-block; margin-right: 10px;"
          >
            <svg
              class="recharts-surface"
              height="14"
              style="display: inline-block; vertical-align: middle; margin-right: 4px;"
              version="1.1"
              viewBox="0 0 32 32"
              width="14"
            >
              <path
                class="recharts-legend-icon"
                d="M0,4h32v24h-32z"
                fill="#00ff00"
                stroke="none"
              />
            </svg>
            <span
              class="recharts-legend-item-text"
            >
              Overall absence rate
            </span>
          </li>
          <li
            class="recharts-legend-item legend-item-2"
            style="display: inline-block; margin-right: 10px;"
          >
            <svg
              class="recharts-surface"
              height="14"
              style="display: inline-block; vertical-align: middle; margin-right: 4px;"
              version="1.1"
              viewBox="0 0 32 32"
              width="14"
            >
              <path
                class="recharts-legend-icon"
                d="M0,4h32v24h-32z"
                fill="#0000ff"
                stroke="none"
              />
            </svg>
            <span
              class="recharts-legend-item-text"
            >
              Authorised absence rate
            </span>
          </li>
        </ul>
      </div>
      <div
        class="recharts-tooltip-wrapper"
        style="transform: translate(undefinedpx, undefinedpx); pointer-events: none; visibility: hidden; position: absolute; top: 0px;"
      >
        <div
          class="recharts-default-tooltip"
          style="margin: 0px; padding: 10px; background-color: rgb(255, 255, 255); border: 1px solid #ccc; white-space: nowrap;"
        >
          <p
            class="recharts-tooltip-label"
            style="margin: 0px;"
          />
        </div>
      </div>
    </div>
    <div
      style="position: absolute; width: 0px; height: 0px; visibility: hidden; display: none;"
    />
  </div>
</div>
`;
