// Jest Snapshot v1, https://goo.gl/fbAQLP

exports[`VerticalBarBlock renders basic chart correctly 1`] = `
<div>
  <div
    class="recharts-responsive-container"
    style="width: 900px; height: 900px;"
  >
    <div
      class="recharts-wrapper"
      style="position: relative; cursor: default; width: 900px; height: 900px;"
    >
      <svg
        class="recharts-surface"
        height="900"
        version="1.1"
        viewBox="0 0 900 900"
        width="900"
      >
        <defs>
          <clippath
            id="recharts4-clip"
          >
            <rect
              height="860"
              width="810"
              x="90"
              y="10"
            />
          </clippath>
        </defs>
        <g
          class="recharts-cartesian-grid"
        >
          <g
            class="recharts-cartesian-grid-horizontal"
          >
            <line
              fill="none"
              height="860"
              stroke="#ccc"
              stroke-dasharray="3 3"
              width="810"
              x="90"
              x1="90"
              x2="900"
              y="10"
              y1="870"
              y2="870"
            />
            <line
              fill="none"
              height="860"
              stroke="#ccc"
              stroke-dasharray="3 3"
              width="810"
              x="90"
              x1="90"
              x2="900"
              y="10"
              y1="645.6521739130434"
              y2="645.6521739130434"
            />
            <line
              fill="none"
              height="860"
              stroke="#ccc"
              stroke-dasharray="3 3"
              width="810"
              x="90"
              x1="90"
              x2="900"
              y="10"
              y1="421.30434782608694"
              y2="421.30434782608694"
            />
            <line
              fill="none"
              height="860"
              stroke="#ccc"
              stroke-dasharray="3 3"
              width="810"
              x="90"
              x1="90"
              x2="900"
              y="10"
              y1="10"
              y2="10"
            />
          </g>
          <g
            class="recharts-cartesian-grid-vertical"
          >
            <line
              fill="none"
              height="860"
              stroke="#ccc"
              stroke-dasharray="3 3"
              width="810"
              x="90"
              x1="302.5"
              x2="302.5"
              y="10"
              y1="10"
              y2="870"
            />
            <line
              fill="none"
              height="860"
              stroke="#ccc"
              stroke-dasharray="3 3"
              width="810"
              x="90"
              x1="687.5"
              x2="687.5"
              y="10"
              y1="10"
              y2="870"
            />
            <line
              fill="none"
              height="860"
              stroke="#ccc"
              stroke-dasharray="3 3"
              width="810"
              x="90"
              x1="90"
              x2="90"
              y="10"
              y1="10"
              y2="870"
            />
            <line
              fill="none"
              height="860"
              stroke="#ccc"
              stroke-dasharray="3 3"
              width="810"
              x="90"
              x1="900"
              x2="900"
              y="10"
              y1="10"
              y2="870"
            />
          </g>
        </g>
        <g
          class="recharts-layer recharts-cartesian-axis recharts-yAxis yAxis"
        >
          <line
            class="recharts-cartesian-axis-line"
            fill="none"
            height="860"
            stroke="#666"
            width="60"
            x="30"
            x1="90"
            x2="90"
            y="10"
            y1="10"
            y2="870"
          />
          <g
            class="recharts-cartesian-axis-ticks"
          >
            <g
              class="recharts-layer recharts-cartesian-axis-tick"
            >
              <line
                class="recharts-cartesian-axis-tick-line"
                fill="none"
                height="860"
                stroke="#666"
                width="60"
                x="30"
                x1="84"
                x2="90"
                y="10"
                y1="870"
                y2="870"
              />
              <text
                class="recharts-text recharts-cartesian-axis-tick-value"
                fill="#666"
                height="860"
                stroke="none"
                text-anchor="end"
                width="60"
                x="82"
                y="870"
              >
                <tspan
                  dy="0.355em"
                  x="82"
                >
                  -3
                </tspan>
              </text>
            </g>
            <g
              class="recharts-layer recharts-cartesian-axis-tick"
            >
              <line
                class="recharts-cartesian-axis-tick-line"
                fill="none"
                height="860"
                stroke="#666"
                width="60"
                x="30"
                x1="84"
                x2="90"
                y="10"
                y1="645.6521739130434"
                y2="645.6521739130434"
              />
              <text
                class="recharts-text recharts-cartesian-axis-tick-value"
                fill="#666"
                height="860"
                stroke="none"
                text-anchor="end"
                width="60"
                x="82"
                y="645.6521739130434"
              >
                <tspan
                  dy="0.355em"
                  x="82"
                >
                  3
                </tspan>
              </text>
            </g>
            <g
              class="recharts-layer recharts-cartesian-axis-tick"
            >
              <line
                class="recharts-cartesian-axis-tick-line"
                fill="none"
                height="860"
                stroke="#666"
                width="60"
                x="30"
                x1="84"
                x2="90"
                y="10"
                y1="421.30434782608694"
                y2="421.30434782608694"
              />
              <text
                class="recharts-text recharts-cartesian-axis-tick-value"
                fill="#666"
                height="860"
                stroke="none"
                text-anchor="end"
                width="60"
                x="82"
                y="421.30434782608694"
              >
                <tspan
                  dy="0.355em"
                  x="82"
                >
                  9
                </tspan>
              </text>
            </g>
            <g
              class="recharts-layer recharts-cartesian-axis-tick"
            >
              <line
                class="recharts-cartesian-axis-tick-line"
                fill="none"
                height="860"
                stroke="#666"
                width="60"
                x="30"
                x1="84"
                x2="90"
                y="10"
                y1="10"
                y2="10"
              />
              <text
                class="recharts-text recharts-cartesian-axis-tick-value"
                fill="#666"
                height="860"
                stroke="none"
                text-anchor="end"
                width="60"
                x="82"
                y="10"
              >
                <tspan
                  dy="0.355em"
                  x="82"
                >
                  20
                </tspan>
              </text>
            </g>
          </g>
        </g>
        <g
          class="recharts-layer recharts-cartesian-axis recharts-xAxis xAxis"
        >
          <line
            class="recharts-cartesian-axis-line"
            fill="none"
            height="30"
            stroke="#666"
            width="810"
            x="90"
            x1="90"
            x2="900"
            y="870"
            y1="870"
            y2="870"
          />
          <g
            class="recharts-cartesian-axis-ticks"
          >
            <g
              class="recharts-layer recharts-cartesian-axis-tick"
            >
              <line
                class="recharts-cartesian-axis-tick-line"
                fill="none"
                height="30"
                stroke="#666"
                width="810"
                x="90"
                x1="302.5"
                x2="302.5"
                y="870"
                y1="876"
                y2="870"
              />
              <text
                class="recharts-text recharts-cartesian-axis-tick-value"
                fill="#666"
                height="30"
                stroke="none"
                text-anchor="middle"
                width="810"
                x="302.5"
                y="886"
              >
                <tspan
                  dy="0.71em"
                  x="302.5"
                >
                  2014/15
                </tspan>
              </text>
            </g>
            <g
              class="recharts-layer recharts-cartesian-axis-tick"
            >
              <line
                class="recharts-cartesian-axis-tick-line"
                fill="none"
                height="30"
                stroke="#666"
                width="810"
                x="90"
                x1="687.5"
                x2="687.5"
                y="870"
                y1="876"
                y2="870"
              />
              <text
                class="recharts-text recharts-cartesian-axis-tick-value"
                fill="#666"
                height="30"
                stroke="none"
                text-anchor="middle"
                width="810"
                x="687.5"
                y="886"
              >
                <tspan
                  dy="0.71em"
                  x="687.5"
                >
                  2015/16
                </tspan>
              </text>
            </g>
          </g>
        </g>
        <g
          class="recharts-layer recharts-bar"
        >
          <g
            class="recharts-layer recharts-bar-rectangles"
          >
            <g
              class="recharts-layer recharts-bar-rectangle"
            >
              <path
                class="recharts-rectangle"
                d="M 148.5,645.6521739130434 h 100 v 112.17391304347836 h -100 Z"
                fill="#ff0000"
                height="112.17391304347836"
                radius="0"
                stroke="#ff0000"
                width="100"
                x="148.5"
                y="645.6521739130434"
              />
            </g>
            <g
              class="recharts-layer recharts-bar-rectangle"
            >
              <path
                class="recharts-rectangle"
                d="M 533.5,870 h 100 v -112.17391304347825 h -100 Z"
                fill="#ff0000"
                height="-112.17391304347825"
                radius="0"
                stroke="#ff0000"
                width="100"
                x="533.5"
                y="870"
              />
            </g>
          </g>
        </g>
        <g
          class="recharts-layer recharts-bar"
        >
          <g
            class="recharts-layer recharts-bar-rectangles"
          >
            <g
              class="recharts-layer recharts-bar-rectangle"
            >
              <path
                class="recharts-rectangle"
                d="M 252.5,383.91304347826093 h 100 v 373.9130434782608 h -100 Z"
                fill="#00ff00"
                height="373.9130434782608"
                radius="0"
                stroke="#00ff00"
                width="100"
                x="252.5"
                y="383.91304347826093"
              />
            </g>
            <g
              class="recharts-layer recharts-bar-rectangle"
            >
              <path
                class="recharts-rectangle"
                d="M 637.5,608.2608695652174 h 100 v 149.56521739130437 h -100 Z"
                fill="#00ff00"
                height="149.56521739130437"
                radius="0"
                stroke="#00ff00"
                width="100"
                x="637.5"
                y="608.2608695652174"
              />
            </g>
          </g>
        </g>
        <g
          class="recharts-layer recharts-bar"
        >
          <g
            class="recharts-layer recharts-bar-rectangles"
          >
            <g
              class="recharts-layer recharts-bar-rectangle"
            >
              <path
                class="recharts-rectangle"
                d="M 356.5,570.8695652173914 h 100 v 186.95652173913038 h -100 Z"
                fill="#0000ff"
                height="186.95652173913038"
                radius="0"
                stroke="#0000ff"
                width="100"
                x="356.5"
                y="570.8695652173914"
              />
            </g>
            <g
              class="recharts-layer recharts-bar-rectangle"
            >
              <path
                class="recharts-rectangle"
                d="M 741.5,720.4347826086956 h 100 v 37.39130434782612 h -100 Z"
                fill="#0000ff"
                height="37.39130434782612"
                radius="0"
                stroke="#0000ff"
                width="100"
                x="741.5"
                y="720.4347826086956"
              />
            </g>
          </g>
        </g>
      </svg>
      <div
        class="recharts-legend-wrapper"
        style="position: absolute; width: 870px; height: 50px; left: 30px; top: 10px;"
      >
        <ul
          class="recharts-default-legend"
          style="padding: 0px; margin: 0px; text-align: center;"
        >
          <li
            class="recharts-legend-item legend-item-0"
            style="display: inline-block; margin-right: 10px;"
          >
            <svg
              class="recharts-surface"
              height="14"
              style="display: inline-block; vertical-align: middle; margin-right: 4px;"
              version="1.1"
              viewBox="0 0 32 32"
              width="14"
            >
              <path
                class="recharts-legend-icon"
                d="M0,4h32v24h-32z"
                fill="#ff0000"
                stroke="none"
              />
            </svg>
            <span
              class="recharts-legend-item-text"
            >
              Unauthorised absence rate
            </span>
          </li>
          <li
            class="recharts-legend-item legend-item-1"
            style="display: inline-block; margin-right: 10px;"
          >
            <svg
              class="recharts-surface"
              height="14"
              style="display: inline-block; vertical-align: middle; margin-right: 4px;"
              version="1.1"
              viewBox="0 0 32 32"
              width="14"
            >
              <path
                class="recharts-legend-icon"
                d="M0,4h32v24h-32z"
                fill="#00ff00"
                stroke="none"
              />
            </svg>
            <span
              class="recharts-legend-item-text"
            >
              Overall absence rate
            </span>
          </li>
          <li
            class="recharts-legend-item legend-item-2"
            style="display: inline-block; margin-right: 10px;"
          >
            <svg
              class="recharts-surface"
              height="14"
              style="display: inline-block; vertical-align: middle; margin-right: 4px;"
              version="1.1"
              viewBox="0 0 32 32"
              width="14"
            >
              <path
                class="recharts-legend-icon"
                d="M0,4h32v24h-32z"
                fill="#0000ff"
                stroke="none"
              />
            </svg>
            <span
              class="recharts-legend-item-text"
            >
              Authorised absence rate
            </span>
          </li>
        </ul>
      </div>
      <div
        class="recharts-tooltip-wrapper"
        style="transform: translate(undefinedpx, undefinedpx); pointer-events: none; visibility: hidden; position: absolute; top: 0px;"
      >
        <div
          class="recharts-default-tooltip"
          style="margin: 0px; padding: 10px; background-color: rgb(255, 255, 255); border: 1px solid #ccc; white-space: nowrap;"
        >
          <p
            class="recharts-tooltip-label"
            style="margin: 0px;"
          />
        </div>
      </div>
    </div>
    <div
      style="position: absolute; width: 0px; height: 0px; visibility: hidden; display: none;"
    />
  </div>
</div>
`;
