{
  "Criteria": {
    "And": [
      {
        "And": [
          {
            "Filters": {
              "Eq": "Filter3"
            }
          },
          {
            "Filters": {
              "In": [
                "Filter1",
                "Filter2"
              ]
            }
          },
          {
            "Filters": {
              "NotEq": "Filter5"
            }
          },
          {
            "Filters": {
              "NotIn": [
                "Filter4"
              ]
            }
          },
          {
            "Not": {
              "Or": [
                {
                  "Locations": {
                    "NotIn": [
                      {
                        "Id": "Location1",
                        "Level": "Level"
                      },
                      {
                        "Level": "Level",
                        "Ukprn": "Location4"
                      }
                    ]
                  }
                },
                {
                  "Locations": {
                    "NotIn": [
                      {
                        "Id": "Location3",
                        "Level": "Level"
                      },
                      {
                        "Level": "Level",
                        "Ukprn": "Location2"
                      }
                    ]
                  }
                }
              ]
            }
          },
          {
            "Or": [
              {
                "TimePeriods": {
                  "In": [
                    {
                      "Code": "Code",
                      "Period": "Period1"
                    },
                    {
                      "Code": "Code",
                      "Period": "Period2"
                    }
                  ]
                }
              },
              {
                "TimePeriods": {
                  "NotIn": [
                    {
                      "Code": "Code",
                      "Period": "Period3"
                    },
                    {
                      "Code": "Code",
                      "Period": "Period4"
                    }
                  ]
                }
              }
            ]
          }
        ]
      },
      {
        "And": [
          {
            "Filters": {
              "Eq": "Filter9"
            }
          },
          {
            "Filters": {
              "In": [
                "Filter7",
                "Filter8"
              ]
            }
          },
          {
            "Filters": {
              "NotEq": "Filter10"
            }
          },
          {
            "Filters": {
              "NotIn": [
                "Filter6"
              ]
            }
          }
        ]
      }
    ]
  },
  "Debug": true,
  "Indicators": [
    "Indicator1",
    "Indicator2",
    "Indicator3"
  ],
  "Page": 3,
  "PageSize": 300,
  "Sorts": [
    {
      "Direction": "ASC",
      "Field": "Field1"
    },
    {
      "Direction": "ASC",
      "Field": "Field2"
    }
  ]
}
