time_period,time_identifier,geographic_level,country_code,country_name,region_code,region_name,new_la_code,old_la_code,la_name,filter_0_grouping,filter_1_grouping,filter_0_name,filter_1_name,filter_2_name,indicator_0_name,indicator_1_name,indicator_2_name
202223,Academic year,Regional,E92000001,England,E13000002,Outer London,,,,Filter group 0,Filter group 2,FilterItem 0 :: Label,FilterItem 2 :: Label,FilterItem 4 :: Label,-29241,32490,-26972
202223,Academic year,Regional,E92000001,England,E13000002,Outer London,,,,Filter group 0,Filter group 2,FilterItem 0 :: Label,FilterItem 2 :: Label,FilterItem 4 :: Label,11391,-31271,-1597
202223,Academic year,Regional,E92000001,England,E12000003,Yorkshire and the Humber,,,,Filter group 0,Filter group 2,FilterItem 0 :: Label,FilterItem 2 :: Label,FilterItem 4 :: Label,-13513,-29497,23779
202223,Academic year,Regional,E92000001,England,E12000003,Yorkshire and the Humber,,,,Filter group 0,Filter group 2,FilterItem 0 :: Label,FilterItem 2 :: Label,FilterItem 4 :: Label,27119,-27723,-16381
202324,Academic year,Local authority,E92000001,England,E12000001,North East,E08000023,393,South Tyneside,Filter group 1,Filter group 3,FilterItem 1 :: Label,FilterItem 3 :: Label,FilterItem 5 :: Label,2216,-25949,8995
202324,Academic year,Local authority,E92000001,England,E12000001,North East,E08000023,393,South Tyneside,Filter group 1,Filter group 3,FilterItem 1 :: Label,FilterItem 3 :: Label,FilterItem 5 :: Label,-22688,-24175,-31165
202324,Academic year,Local authority,E92000001,England,E12000009,South West,E06000028,837,Bournemouth,Filter group 1,Filter group 3,FilterItem 1 :: Label,FilterItem 3 :: Label,FilterItem 5 :: Label,17944,-22401,-5789
202324,Academic year,Local authority,E92000001,England,E12000009,South West,E06000028,837,Bournemouth,Filter group 1,Filter group 3,FilterItem 1 :: Label,FilterItem 3 :: Label,FilterItem 5 :: Label,-6959,-20627,19586
