time_period,time_identifier,geographic_level,country_code,country_name,region_code,region_name,new_la_code,old_la_code,la_name,filter_0_grouping,filter_1_grouping,name_of_filter_0,name_of_filter_1,name_of_filter_2,name_of_indicator_0,name_of_indicator_1,name_of_indicator_2
202223,Academic year,Regional,E92000001,England,E12000003,Yorkshire and the Humber,,,,Filter group 0,Filter group 2,Label of FilterItem 0,Label of FilterItem 2,Label of FilterItem 4,-17726,-31968,-7703
202223,Academic year,Regional,E92000001,England,E12000003,Yorkshire and the Humber,,,,Filter group 0,Filter group 2,Label of FilterItem 0,Label of FilterItem 2,Label of FilterItem 4,7177,31792,32456
202223,Academic year,Regional,E92000001,England,E12000001,North East,,,,Filter group 0,Filter group 2,Label of FilterItem 0,Label of FilterItem 2,Label of FilterItem 4,32081,30018,7081
202223,Academic year,Regional,E92000001,England,E12000001,North East,,,,Filter group 0,Filter group 2,Label of FilterItem 0,Label of FilterItem 2,Label of FilterItem 4,-8551,28244,-18295
202324,Academic year,Local authority,E92000001,England,E12000005,West Midlands,E10000031,937,Warwickshire,Filter group 1,Filter group 3,Label of FilterItem 1,Label of FilterItem 3,Label of FilterItem 5,16352,26470,21865
202324,Academic year,Local authority,E92000001,England,E12000005,West Midlands,E10000031,937,Warwickshire,Filter group 1,Filter group 3,Label of FilterItem 1,Label of FilterItem 3,Label of FilterItem 5,-24279,24696,-3511
202324,Academic year,Local authority,E92000001,England,E13000001,Inner London,E09000020,207,Kensington and Chelsea,Filter group 1,Filter group 3,Label of FilterItem 1,Label of FilterItem 3,Label of FilterItem 5,624,22922,-28886
202324,Academic year,Local authority,E92000001,England,E13000001,Inner London,E09000020,207,Kensington and Chelsea,Filter group 1,Filter group 3,Label of FilterItem 1,Label of FilterItem 3,Label of FilterItem 5,25527,21148,11273
