// Jest Snapshot v1, https://goo.gl/fbAQLP

exports[`HorzontalBarBlock renders with correct output 1`] = `
<div>
  <div
    class="recharts-responsive-container"
    style="width: 900px; height: 600px;"
  >
    <div
      class="recharts-wrapper"
      style="position: relative; cursor: default; width: 900px; height: 600px;"
    >
      <svg
        class="recharts-surface"
        height="600"
        version="1.1"
        viewBox="0 0 900 600"
        width="900"
      >
        <defs>
          <clippath
            id="recharts1-clip"
          >
            <rect
              height="565"
              width="865"
              x="30"
              y="5"
            />
          </clippath>
        </defs>
        <g
          class="recharts-layer recharts-cartesian-axis recharts-yAxis yAxis"
        >
          <line
            class="recharts-cartesian-axis-line"
            fill="none"
            height="565"
            stroke="#666"
            width="25"
            x="5"
            x1="30"
            x2="30"
            y="5"
            y1="5"
            y2="570"
          />
          <g
            class="recharts-cartesian-axis-ticks"
          >
            <g
              class="recharts-layer recharts-cartesian-axis-tick"
            >
              <line
                class="recharts-cartesian-axis-tick-line"
                fill="none"
                height="565"
                stroke="#666"
                width="25"
                x="5"
                x1="24"
                x2="30"
                y="5"
                y1="146.25"
                y2="146.25"
              />
              <text
                class="recharts-text recharts-cartesian-axis-tick-value"
                fill="#666"
                height="565"
                stroke="none"
                text-anchor="end"
                width="25"
                x="22"
                y="146.25"
              >
                <tspan
                  dy="0.355em"
                  x="22"
                >
                  2014/15
                </tspan>
              </text>
            </g>
            <g
              class="recharts-layer recharts-cartesian-axis-tick"
            >
              <line
                class="recharts-cartesian-axis-tick-line"
                fill="none"
                height="565"
                stroke="#666"
                width="25"
                x="5"
                x1="24"
                x2="30"
                y="5"
                y1="428.75"
                y2="428.75"
              />
              <text
                class="recharts-text recharts-cartesian-axis-tick-value"
                fill="#666"
                height="565"
                stroke="none"
                text-anchor="end"
                width="25"
                x="22"
                y="428.75"
              >
                <tspan
                  dy="0.355em"
                  x="22"
                >
                  2015/16
                </tspan>
              </text>
            </g>
          </g>
        </g>
        <g
          class="recharts-cartesian-grid"
        >
          <g
            class="recharts-cartesian-grid-horizontal"
          >
            <line
              fill="none"
              height="565"
              stroke="#ccc"
              width="865"
              x="30"
              x1="30"
              x2="895"
              y="5"
              y1="146.25"
              y2="146.25"
            />
            <line
              fill="none"
              height="565"
              stroke="#ccc"
              width="865"
              x="30"
              x1="30"
              x2="895"
              y="5"
              y1="428.75"
              y2="428.75"
            />
            <line
              fill="none"
              height="565"
              stroke="#ccc"
              width="865"
              x="30"
              x1="30"
              x2="895"
              y="5"
              y1="5"
              y2="5"
            />
            <line
              fill="none"
              height="565"
              stroke="#ccc"
              width="865"
              x="30"
              x1="30"
              x2="895"
              y="5"
              y1="570"
              y2="570"
            />
          </g>
          <g
            class="recharts-cartesian-grid-vertical"
          >
            <line
              fill="none"
              height="565"
              stroke="#ccc"
              width="865"
              x="30"
              x1="30"
              x2="30"
              y="5"
              y1="5"
              y2="570"
            />
            <line
              fill="none"
              height="565"
              stroke="#ccc"
              width="865"
              x="30"
              x1="246.25"
              x2="246.25"
              y="5"
              y1="5"
              y2="570"
            />
            <line
              fill="none"
              height="565"
              stroke="#ccc"
              width="865"
              x="30"
              x1="462.5"
              x2="462.5"
              y="5"
              y1="5"
              y2="570"
            />
            <line
              fill="none"
              height="565"
              stroke="#ccc"
              width="865"
              x="30"
              x1="678.75"
              x2="678.75"
              y="5"
              y1="5"
              y2="570"
            />
            <line
              fill="none"
              height="565"
              stroke="#ccc"
              width="865"
              x="30"
              x1="895"
              x2="895"
              y="5"
              y1="5"
              y2="570"
            />
          </g>
        </g>
        <g
          class="recharts-layer recharts-cartesian-axis recharts-xAxis xAxis"
        >
          <line
            class="recharts-cartesian-axis-line"
            fill="none"
            height="25"
            stroke="#666"
            width="865"
            x="30"
            x1="30"
            x2="895"
            y="570"
            y1="570"
            y2="570"
          />
          <g
            class="recharts-cartesian-axis-ticks"
          >
            <g
              class="recharts-layer recharts-cartesian-axis-tick"
            >
              <line
                class="recharts-cartesian-axis-tick-line"
                fill="none"
                height="25"
                stroke="#666"
                width="865"
                x="30"
                x1="30"
                x2="30"
                y="570"
                y1="576"
                y2="570"
              />
              <text
                class="recharts-text recharts-cartesian-axis-tick-value"
                fill="#666"
                height="25"
                stroke="none"
                text-anchor="middle"
                width="865"
                x="30"
                y="578"
              >
                <tspan
                  dy="0.71em"
                  x="30"
                >
                  -6
                </tspan>
              </text>
            </g>
            <g
              class="recharts-layer recharts-cartesian-axis-tick"
            >
              <line
                class="recharts-cartesian-axis-tick-line"
                fill="none"
                height="25"
                stroke="#666"
                width="865"
                x="30"
                x1="246.25"
                x2="246.25"
                y="570"
                y1="576"
                y2="570"
              />
              <text
                class="recharts-text recharts-cartesian-axis-tick-value"
                fill="#666"
                height="25"
                stroke="none"
                text-anchor="middle"
                width="865"
                x="246.25"
                y="578"
              >
                <tspan
                  dy="0.71em"
                  x="246.25"
                >
                  0
                </tspan>
              </text>
            </g>
            <g
              class="recharts-layer recharts-cartesian-axis-tick"
            >
              <line
                class="recharts-cartesian-axis-tick-line"
                fill="none"
                height="25"
                stroke="#666"
                width="865"
                x="30"
                x1="462.5"
                x2="462.5"
                y="570"
                y1="576"
                y2="570"
              />
              <text
                class="recharts-text recharts-cartesian-axis-tick-value"
                fill="#666"
                height="25"
                stroke="none"
                text-anchor="middle"
                width="865"
                x="462.5"
                y="578"
              >
                <tspan
                  dy="0.71em"
                  x="462.5"
                >
                  6
                </tspan>
              </text>
            </g>
            <g
              class="recharts-layer recharts-cartesian-axis-tick"
            >
              <line
                class="recharts-cartesian-axis-tick-line"
                fill="none"
                height="25"
                stroke="#666"
                width="865"
                x="30"
                x1="678.75"
                x2="678.75"
                y="570"
                y1="576"
                y2="570"
              />
              <text
                class="recharts-text recharts-cartesian-axis-tick-value"
                fill="#666"
                height="25"
                stroke="none"
                text-anchor="middle"
                width="865"
                x="678.75"
                y="578"
              >
                <tspan
                  dy="0.71em"
                  x="678.75"
                >
                  12
                </tspan>
              </text>
            </g>
            <g
              class="recharts-layer recharts-cartesian-axis-tick"
            >
              <line
                class="recharts-cartesian-axis-tick-line"
                fill="none"
                height="25"
                stroke="#666"
                width="865"
                x="30"
                x1="895"
                x2="895"
                y="570"
                y1="576"
                y2="570"
              />
              <text
                class="recharts-text recharts-cartesian-axis-tick-value"
                fill="#666"
                height="25"
                stroke="none"
                text-anchor="middle"
                width="865"
                x="895"
                y="578"
              >
                <tspan
                  dy="0.71em"
                  x="895"
                >
                  18
                </tspan>
              </text>
            </g>
          </g>
        </g>
        <g
          class="recharts-layer recharts-bar"
        >
          <g
            class="recharts-layer recharts-bar-rectangles"
          >
            <g
              class="recharts-layer recharts-bar-rectangle"
            >
              <path
                class="recharts-rectangle"
                d="M 246.25,33.25 h 108.125 v 226 h -108.125 Z"
                height="226"
                radius="0"
                width="108.125"
                x="246.25"
                y="33.25"
              />
            </g>
            <g
              class="recharts-layer recharts-bar-rectangle"
            >
              <path
                class="recharts-rectangle"
                d="M 246.25,315.75 h -108.125 v 226 h 108.125 Z"
                height="226"
                radius="0"
                width="-108.125"
                x="246.25"
                y="315.75"
              />
            </g>
          </g>
        </g>
        <g
          class="recharts-layer recharts-bar"
        >
          <g
            class="recharts-layer recharts-bar-rectangles"
          >
            <g
              class="recharts-layer recharts-bar-rectangle"
            >
              <path
                class="recharts-rectangle"
                d="M 354.375,33.25 h 360.41666666666663 v 226 h -360.41666666666663 Z"
                height="226"
                radius="0"
                width="360.41666666666663"
                x="354.375"
                y="33.25"
              />
            </g>
            <g
              class="recharts-layer recharts-bar-rectangle"
            >
              <path
                class="recharts-rectangle"
                d="M 138.125,315.75 h 144.16666666666669 v 226 h -144.16666666666669 Z"
                height="226"
                radius="0"
                width="144.16666666666669"
                x="138.125"
                y="315.75"
              />
            </g>
          </g>
        </g>
        <g
          class="recharts-layer recharts-bar"
        >
          <g
            class="recharts-layer recharts-bar-rectangles"
          >
            <g
              class="recharts-layer recharts-bar-rectangle"
            >
              <path
                class="recharts-rectangle"
                d="M 714.7916666666666,33.25 h 180.20833333333337 v 226 h -180.20833333333337 Z"
                height="226"
                radius="0"
                width="180.20833333333337"
                x="714.7916666666666"
                y="33.25"
              />
            </g>
            <g
              class="recharts-layer recharts-bar-rectangle"
            >
              <path
                class="recharts-rectangle"
                d="M 282.2916666666667,315.75 h 36.04166666666663 v 226 h -36.04166666666663 Z"
                height="226"
                radius="0"
                width="36.04166666666663"
                x="282.2916666666667"
                y="315.75"
              />
            </g>
          </g>
        </g>
      </svg>
      <div
        class="recharts-legend-wrapper"
        style="position: absolute; width: 890px; height: auto; left: 5px; bottom: 5px;"
      >
        <ul
          class="recharts-default-legend"
          style="padding: 0px; margin: 0px; text-align: center;"
        >
          <li
            class="recharts-legend-item legend-item-0"
            style="display: inline-block; margin-right: 10px;"
          >
            <svg
              class="recharts-surface"
              height="14"
              style="display: inline-block; vertical-align: middle; margin-right: 4px;"
              version="1.1"
              viewBox="0 0 32 32"
              width="14"
            >
              <path
                class="recharts-legend-icon"
                d="M0,4h32v24h-32z"
                stroke="none"
              />
            </svg>
            <span
              class="recharts-legend-item-text"
            >
              Unauthorised absence rate
            </span>
          </li>
          <li
            class="recharts-legend-item legend-item-1"
            style="display: inline-block; margin-right: 10px;"
          >
            <svg
              class="recharts-surface"
              height="14"
              style="display: inline-block; vertical-align: middle; margin-right: 4px;"
              version="1.1"
              viewBox="0 0 32 32"
              width="14"
            >
              <path
                class="recharts-legend-icon"
                d="M0,4h32v24h-32z"
                stroke="none"
              />
            </svg>
            <span
              class="recharts-legend-item-text"
            >
              Overall absence rate
            </span>
          </li>
          <li
            class="recharts-legend-item legend-item-2"
            style="display: inline-block; margin-right: 10px;"
          >
            <svg
              class="recharts-surface"
              height="14"
              style="display: inline-block; vertical-align: middle; margin-right: 4px;"
              version="1.1"
              viewBox="0 0 32 32"
              width="14"
            >
              <path
                class="recharts-legend-icon"
                d="M0,4h32v24h-32z"
                stroke="none"
              />
            </svg>
            <span
              class="recharts-legend-item-text"
            >
              Authorised absence rate
            </span>
          </li>
        </ul>
      </div>
      <div
        class="recharts-tooltip-wrapper"
        style="pointer-events: none; visibility: hidden; position: absolute; top: 0px; transform: translate(undefinedpx, undefinedpx);"
      >
        <div
          class="recharts-default-tooltip"
          style="margin: 0px; padding: 10px; background-color: rgb(255, 255, 255); border: 1px solid #ccc; white-space: nowrap;"
        >
          <p
            class="recharts-tooltip-label"
            style="margin: 0px;"
          />
        </div>
      </div>
    </div>
    <div
      style="position: absolute; width: 0px; height: 0px; visibility: hidden; display: none;"
    />
  </div>
</div>
`;
