// Jest Snapshot v1, https://goo.gl/fbAQLP

exports[`MapBlock renders 1`] = `
<div>
  <div
    class="govuk-grid-row"
  >
    <div
      aria-live="assertive"
      class="govuk-grid-column-one-third"
    >
      <form>
        <div
          class="govuk-form-group govuk-!-margin-bottom-6"
        >
          <label
            class="govuk-label"
            for="selectedIndicator"
          >
            Select data to view
          </label>
          <select
            class="govuk-select select"
            id="selectedIndicator"
            name="selectedIndicator"
          >
            <option
              value="0"
            >
              Unauthorised absence rate
            </option>
            <option
              value="1"
            >
              Overall absence rate
            </option>
            <option
              value="2"
            >
              Authorised absence rate
            </option>
          </select>
        </div>
        <div
          class="govuk-form-group govuk-!-margin-bottom-6"
        >
          <label
            class="govuk-label"
            for="selectedLocation"
          >
            Select a location
          </label>
          <select
            class="govuk-select select"
            id="selectedLocation"
            name="selectedLocation"
          >
            <option
              value=""
            >
              select...
            </option>
            <option
              value="E92000001"
            >
              England
            </option>
            <option
              value="S92000001"
            >
              Scotland
            </option>
          </select>
        </div>
      </form>
      
      <div>
        <h3
          class="govuk-heading-s"
        >
          Key to 
          Unauthorised absence rate
        </h3>
        <dl
          class="govuk-list"
        >
          <dd
            class="legend"
          >
            <span
              class="rate0"
            >
               
            </span>
             
            3.0
            %
              to 
            3.2
            %
             
          </dd>
          <dd
            class="legend"
          >
            <span
              class="rate1"
            >
               
            </span>
             
            3.2
            %
              to 
            3.4
            %
             
          </dd>
          <dd
            class="legend"
          >
            <span
              class="rate2"
            >
               
            </span>
             
            3.4
            %
              to 
            3.6
            %
             
          </dd>
          <dd
            class="legend"
          >
            <span
              class="rate3"
            >
               
            </span>
             
            3.6
            %
              to 
            3.8
            %
             
          </dd>
          <dd
            class="legend"
          >
            <span
              class="rate4"
            >
               
            </span>
             
            3.8
            %
              to 
            4.0
            %
             
          </dd>
        </dl>
      </div>
    </div>
    <div
      class="govuk-grid-column-two-thirds"
    >
      <div
        class="map dfe-print-break-avoid leaflet-container leaflet-grab leaflet-touch-drag"
        style="width: 900px; height: 600px; position: relative;"
        tabindex="0"
      >
        <div
          class="leaflet-pane leaflet-map-pane"
          style="left: 0px; top: 0px;"
        >
          <div
            class="leaflet-pane leaflet-tile-pane"
          />
          <div
            class="leaflet-pane leaflet-shadow-pane"
          />
          <div
            class="leaflet-pane leaflet-overlay-pane"
          >
            <svg
              height="0"
              pointer-events="none"
              style="left: 0px; top: 0px;"
              viewBox="0 0 0 0"
              width="0"
            >
              <g>
                <path
                  class="uk leaflet-interactive"
                  d="M-3 3L-3 -3L3 -3L3 3z"
                  fill="#3388ff"
                  fill-opacity="0.2"
                  fill-rule="evenodd"
                  stroke="#3388ff"
                  stroke-linecap="round"
                  stroke-linejoin="round"
                  stroke-opacity="1"
                  stroke-width="3"
                />
                <path
                  class="rate0 leaflet-interactive"
                  d="M0 0"
                  fill="#3388ff"
                  fill-opacity="0.2"
                  fill-rule="evenodd"
                  stroke="#3388ff"
                  stroke-linecap="round"
                  stroke-linejoin="round"
                  stroke-opacity="1"
                  stroke-width="3"
                />
                <path
                  class="rate4 leaflet-interactive"
                  d="M0 0"
                  fill="#3388ff"
                  fill-opacity="0.2"
                  fill-rule="evenodd"
                  stroke="#3388ff"
                  stroke-linecap="round"
                  stroke-linejoin="round"
                  stroke-opacity="1"
                  stroke-width="3"
                />
              </g>
            </svg>
          </div>
          <div
            class="leaflet-pane leaflet-marker-pane"
          />
          <div
            class="leaflet-pane leaflet-tooltip-pane"
          />
          <div
            class="leaflet-pane leaflet-popup-pane"
          />
        </div>
        <div
          class="leaflet-control-container"
        >
          <div
            class="leaflet-top leaflet-left"
          >
            <div
              class="leaflet-control-zoom leaflet-bar leaflet-control"
            >
              <a
                aria-label="Zoom in"
                class="leaflet-control-zoom-in"
                href="#"
                role="button"
                title="Zoom in"
              >
                +
              </a>
              <a
                aria-label="Zoom out"
                class="leaflet-control-zoom-out"
                href="#"
                role="button"
                title="Zoom out"
              >
                −
              </a>
            </div>
          </div>
          <div
            class="leaflet-top leaflet-right"
          />
          <div
            class="leaflet-bottom leaflet-left"
          />
          <div
            class="leaflet-bottom leaflet-right"
          >
            <div
              class="leaflet-control-attribution leaflet-control"
            >
              <a
                href="https://leafletjs.com"
                title="A JS library for interactive maps"
              >
                Leaflet
              </a>
            </div>
          </div>
        </div>
      </div>
    </div>
  </div>
</div>
`;
