// Jest Snapshot v1, https://goo.gl/fbAQLP

exports[`VerticalBarBlock renders basic chart correctly 1`] = `
<div>
  <div
    class="recharts-responsive-container"
    style="width: 900px; height: 300px;"
  >
    <div
      class="recharts-wrapper"
      style="position: relative; cursor: default; width: 900px; height: 300px;"
    >
      <svg
        class="recharts-surface"
        height="300"
        version="1.1"
        viewBox="0 0 900 300"
        width="900"
      >
        <defs>
          <clippath
            id="recharts4-clip"
          >
            <rect
              height="260"
              width="810"
              x="90"
              y="10"
            />
          </clippath>
        </defs>
        <g
          class="recharts-cartesian-grid"
        >
          <g
            class="recharts-cartesian-grid-horizontal"
          >
            <line
              fill="none"
              height="260"
              stroke="#ccc"
              stroke-dasharray="3 3"
              width="810"
              x="90"
              x1="90"
              x2="900"
              y="10"
              y1="270"
              y2="270"
            />
            <line
              fill="none"
              height="260"
              stroke="#ccc"
              stroke-dasharray="3 3"
              width="810"
              x="90"
              x1="90"
              x2="900"
              y="10"
              y1="205"
              y2="205"
            />
            <line
              fill="none"
              height="260"
              stroke="#ccc"
              stroke-dasharray="3 3"
              width="810"
              x="90"
              x1="90"
              x2="900"
              y="10"
              y1="140"
              y2="140"
            />
            <line
              fill="none"
              height="260"
              stroke="#ccc"
              stroke-dasharray="3 3"
              width="810"
              x="90"
              x1="90"
              x2="900"
              y="10"
              y1="75"
              y2="75"
            />
            <line
              fill="none"
              height="260"
              stroke="#ccc"
              stroke-dasharray="3 3"
              width="810"
              x="90"
              x1="90"
              x2="900"
              y="10"
              y1="10"
              y2="10"
            />
          </g>
          <g
            class="recharts-cartesian-grid-vertical"
          >
            <line
              fill="none"
              height="260"
              stroke="#ccc"
              stroke-dasharray="3 3"
              width="810"
              x="90"
              x1="302.5"
              x2="302.5"
              y="10"
              y1="10"
              y2="270"
            />
            <line
              fill="none"
              height="260"
              stroke="#ccc"
              stroke-dasharray="3 3"
              width="810"
              x="90"
              x1="687.5"
              x2="687.5"
              y="10"
              y1="10"
              y2="270"
            />
            <line
              fill="none"
              height="260"
              stroke="#ccc"
              stroke-dasharray="3 3"
              width="810"
              x="90"
              x1="90"
              x2="90"
              y="10"
              y1="10"
              y2="270"
            />
            <line
              fill="none"
              height="260"
              stroke="#ccc"
              stroke-dasharray="3 3"
              width="810"
              x="90"
              x1="900"
              x2="900"
              y="10"
              y1="10"
              y2="270"
            />
          </g>
        </g>
        <g
          class="recharts-layer recharts-cartesian-axis recharts-yAxis yAxis"
        >
          <line
            class="recharts-cartesian-axis-line"
            fill="none"
            height="260"
            stroke="#666"
            width="60"
            x="30"
            x1="90"
            x2="90"
            y="10"
            y1="10"
            y2="270"
          />
          <g
            class="recharts-cartesian-axis-ticks"
          >
            <g
              class="recharts-layer recharts-cartesian-axis-tick"
            >
              <line
                class="recharts-cartesian-axis-tick-line"
                fill="none"
                height="260"
                stroke="#666"
                width="60"
                x="30"
                x1="84"
                x2="90"
                y="10"
                y1="270"
                y2="270"
              />
              <text
                class="recharts-text recharts-cartesian-axis-tick-value"
                fill="#666"
                height="260"
                stroke="none"
                text-anchor="end"
                width="60"
                x="82"
                y="270"
              >
                <tspan
                  dy="0.355em"
                  x="82"
                >
                  -3
                </tspan>
              </text>
            </g>
            <g
              class="recharts-layer recharts-cartesian-axis-tick"
            >
              <line
                class="recharts-cartesian-axis-tick-line"
                fill="none"
                height="260"
                stroke="#666"
                width="60"
                x="30"
                x1="84"
                x2="90"
                y="10"
                y1="205"
                y2="205"
              />
              <text
                class="recharts-text recharts-cartesian-axis-tick-value"
                fill="#666"
                height="260"
                stroke="none"
                text-anchor="end"
                width="60"
                x="82"
                y="205"
              >
                <tspan
                  dy="0.355em"
                  x="82"
                >
                  0
                </tspan>
              </text>
            </g>
            <g
              class="recharts-layer recharts-cartesian-axis-tick"
            >
              <line
                class="recharts-cartesian-axis-tick-line"
                fill="none"
                height="260"
                stroke="#666"
                width="60"
                x="30"
                x1="84"
                x2="90"
                y="10"
                y1="140"
                y2="140"
              />
              <text
                class="recharts-text recharts-cartesian-axis-tick-value"
                fill="#666"
                height="260"
                stroke="none"
                text-anchor="end"
                width="60"
                x="82"
                y="140"
              >
                <tspan
                  dy="0.355em"
                  x="82"
                >
                  3
                </tspan>
              </text>
            </g>
            <g
              class="recharts-layer recharts-cartesian-axis-tick"
            >
              <line
                class="recharts-cartesian-axis-tick-line"
                fill="none"
                height="260"
                stroke="#666"
                width="60"
                x="30"
                x1="84"
                x2="90"
                y="10"
                y1="75"
                y2="75"
              />
              <text
                class="recharts-text recharts-cartesian-axis-tick-value"
                fill="#666"
                height="260"
                stroke="none"
                text-anchor="end"
                width="60"
                x="82"
                y="75"
              >
                <tspan
                  dy="0.355em"
                  x="82"
                >
                  6
                </tspan>
              </text>
            </g>
            <g
              class="recharts-layer recharts-cartesian-axis-tick"
            >
              <line
                class="recharts-cartesian-axis-tick-line"
                fill="none"
                height="260"
                stroke="#666"
                width="60"
                x="30"
                x1="84"
                x2="90"
                y="10"
                y1="10"
                y2="10"
              />
              <text
                class="recharts-text recharts-cartesian-axis-tick-value"
                fill="#666"
                height="260"
                stroke="none"
                text-anchor="end"
                width="60"
                x="82"
                y="10"
              >
                <tspan
                  dy="0.355em"
                  x="82"
                >
                  9
                </tspan>
              </text>
            </g>
          </g>
          <text
            class="recharts-text recharts-label"
            text-anchor="end"
            transform="rotate(-90, 30, 140)"
            x="30"
            y="140"
          >
            <tspan
              dy="0.355em"
              x="30"
            />
          </text>
        </g>
        <g
          class="recharts-layer recharts-cartesian-axis recharts-xAxis xAxis"
        >
          <line
            class="recharts-cartesian-axis-line"
            fill="none"
            height="30"
            stroke="#666"
            width="810"
            x="90"
            x1="90"
            x2="900"
            y="270"
            y1="270"
            y2="270"
          />
          <g
            class="recharts-cartesian-axis-ticks"
          >
            <g
              class="recharts-layer recharts-cartesian-axis-tick"
            >
              <line
                class="recharts-cartesian-axis-tick-line"
                fill="none"
                height="30"
                stroke="#666"
                width="810"
                x="90"
                x1="302.5"
                x2="302.5"
                y="270"
                y1="276"
                y2="270"
              />
              <text
                class="recharts-text recharts-cartesian-axis-tick-value"
                fill="#666"
                height="30"
                stroke="none"
                text-anchor="middle"
                width="810"
                x="302.5"
                y="286"
              >
                <tspan
                  dy="0.71em"
                  x="302.5"
                >
                  2014/15
                </tspan>
              </text>
            </g>
            <g
              class="recharts-layer recharts-cartesian-axis-tick"
            >
              <line
                class="recharts-cartesian-axis-tick-line"
                fill="none"
                height="30"
                stroke="#666"
                width="810"
                x="90"
                x1="687.5"
                x2="687.5"
                y="270"
                y1="276"
                y2="270"
              />
              <text
                class="recharts-text recharts-cartesian-axis-tick-value"
                fill="#666"
                height="30"
                stroke="none"
                text-anchor="middle"
                width="810"
                x="687.5"
                y="286"
              >
                <tspan
                  dy="0.71em"
                  x="687.5"
                >
                  2015/16
                </tspan>
              </text>
            </g>
          </g>
          <text
            class="recharts-text recharts-label"
            text-anchor="middle"
            x="495"
            y="305"
          >
            <tspan
              dy="0.71em"
              x="495"
            />
          </text>
        </g>
        <g
          class="recharts-layer recharts-bar"
        >
          <g
            class="recharts-layer recharts-bar-rectangles"
          >
            <g
              class="recharts-layer recharts-bar-rectangle"
            >
              <path
                class="recharts-rectangle"
                d="M 148.5,140 h 100 v 65 h -100 Z"
                height="65"
                radius="0"
                width="100"
                x="148.5"
                y="140"
              />
            </g>
            <g
              class="recharts-layer recharts-bar-rectangle"
            >
              <path
                class="recharts-rectangle"
                d="M 533.5,270 h 100 v -65 h -100 Z"
                height="-65"
                radius="0"
                width="100"
                x="533.5"
                y="270"
              />
            </g>
          </g>
          <g
            class="recharts-layer recharts-label-list"
          >
            <span
              content="[object Object]"
              height="65"
              index="0"
              offset="5"
              value="3"
              viewBox="[object Object]"
              width="100"
              x="148.5"
              y="140"
            >
              hello
            </span>
            <span
              content="[object Object]"
              height="-65"
              index="1"
              offset="5"
              value="-3"
              viewBox="[object Object]"
              width="100"
              x="533.5"
              y="270"
            >
              hello
            </span>
          </g>
        </g>
        <g
          class="recharts-layer recharts-bar"
        >
          <g
            class="recharts-layer recharts-bar-rectangles"
          >
            <g
              class="recharts-layer recharts-bar-rectangle"
            >
              <path
                class="recharts-rectangle"
                d="M 252.5,-11.666666666666629 h 100 v 216.66666666666663 h -100 Z"
                height="216.66666666666663"
                radius="0"
                width="100"
                x="252.5"
                y="-11.666666666666629"
              />
            </g>
            <g
              class="recharts-layer recharts-bar-rectangle"
            >
              <path
                class="recharts-rectangle"
                d="M 637.5,118.33333333333331 h 100 v 86.66666666666669 h -100 Z"
                height="86.66666666666669"
                radius="0"
                width="100"
                x="637.5"
                y="118.33333333333331"
              />
            </g>
          </g>
          <g
            class="recharts-layer recharts-label-list"
          >
            <span
              content="[object Object]"
              height="216.66666666666663"
              index="0"
              offset="5"
              value="10"
              viewBox="[object Object]"
              width="100"
              x="252.5"
              y="-11.666666666666629"
            >
              hello
            </span>
            <span
              content="[object Object]"
              height="86.66666666666669"
              index="1"
              offset="5"
              value="4"
              viewBox="[object Object]"
              width="100"
              x="637.5"
              y="118.33333333333331"
            >
              hello
            </span>
          </g>
        </g>
        <g
          class="recharts-layer recharts-bar"
        >
          <g
            class="recharts-layer recharts-bar-rectangles"
          >
            <g
              class="recharts-layer recharts-bar-rectangle"
            >
              <path
                class="recharts-rectangle"
                d="M 356.5,96.66666666666669 h 100 v 108.33333333333331 h -100 Z"
                height="108.33333333333331"
                radius="0"
                width="100"
                x="356.5"
                y="96.66666666666669"
              />
            </g>
            <g
              class="recharts-layer recharts-bar-rectangle"
            >
              <path
                class="recharts-rectangle"
                d="M 741.5,183.33333333333334 h 100 v 21.666666666666657 h -100 Z"
                height="21.666666666666657"
                radius="0"
                width="100"
                x="741.5"
                y="183.33333333333334"
              />
            </g>
          </g>
          <g
            class="recharts-layer recharts-label-list"
          >
            <span
              content="[object Object]"
              height="108.33333333333331"
              index="0"
              offset="5"
              value="5"
              viewBox="[object Object]"
              width="100"
              x="356.5"
              y="96.66666666666669"
            >
              hello
            </span>
            <span
              content="[object Object]"
              height="21.666666666666657"
              index="1"
              offset="5"
              value="1"
              viewBox="[object Object]"
              width="100"
              x="741.5"
              y="183.33333333333334"
            >
              hello
            </span>
          </g>
        </g>
      </svg>
      <div
        class="recharts-legend-wrapper"
        style="position: absolute; width: 870px; height: 50px; left: 30px; top: 10px;"
      >
        <ul
          class="recharts-default-legend"
          style="padding: 0px; margin: 0px; text-align: center;"
        >
          <li
            class="recharts-legend-item legend-item-0"
            style="display: inline-block; margin-right: 10px;"
          >
            <svg
              class="recharts-surface"
              height="14"
              style="display: inline-block; vertical-align: middle; margin-right: 4px;"
              version="1.1"
              viewBox="0 0 32 32"
              width="14"
            >
              <path
                class="recharts-legend-icon"
                d="M0,4h32v24h-32z"
                stroke="none"
              />
            </svg>
            <span
              class="recharts-legend-item-text"
            >
              Unauthorised absence rate
            </span>
          </li>
          <li
            class="recharts-legend-item legend-item-1"
            style="display: inline-block; margin-right: 10px;"
          >
            <svg
              class="recharts-surface"
              height="14"
              style="display: inline-block; vertical-align: middle; margin-right: 4px;"
              version="1.1"
              viewBox="0 0 32 32"
              width="14"
            >
              <path
                class="recharts-legend-icon"
                d="M0,4h32v24h-32z"
                stroke="none"
              />
            </svg>
            <span
              class="recharts-legend-item-text"
            >
              Overall absence rate
            </span>
          </li>
          <li
            class="recharts-legend-item legend-item-2"
            style="display: inline-block; margin-right: 10px;"
          >
            <svg
              class="recharts-surface"
              height="14"
              style="display: inline-block; vertical-align: middle; margin-right: 4px;"
              version="1.1"
              viewBox="0 0 32 32"
              width="14"
            >
              <path
                class="recharts-legend-icon"
                d="M0,4h32v24h-32z"
                stroke="none"
              />
            </svg>
            <span
              class="recharts-legend-item-text"
            >
              Authorised absence rate
            </span>
          </li>
        </ul>
      </div>
      <div
        class="recharts-tooltip-wrapper"
        style="pointer-events: none; visibility: hidden; position: absolute; top: 0px; transform: translate(undefinedpx, undefinedpx);"
      >
        <div
          class="recharts-default-tooltip"
          style="margin: 0px; padding: 10px; background-color: rgb(255, 255, 255); border: 1px solid #ccc; white-space: nowrap;"
        >
          <p
            class="recharts-tooltip-label"
            style="margin: 0px;"
          />
        </div>
      </div>
    </div>
    <div
      style="position: absolute; width: 0px; height: 0px; visibility: hidden; display: none;"
    />
  </div>
</div>
`;
