// Jest Snapshot v1, https://goo.gl/fbAQLP

exports[`FixedMultiHeaderDataTable renders underlying table 1`] = `
<table
  aria-labelledby="test-caption-id"
  class="govuk-table table"
  data-testid="test-caption-id-table"
>
  <thead
    class="tableHead"
  >
    <tr>
      <td
        class="borderBottom"
        colspan="1"
        rowspan="2"
      />
      <th
        colspan="2"
        rowspan="1"
        scope="colgroup"
      >
        Col group A
      </th>
      <th
        colspan="2"
        rowspan="1"
        scope="colgroup"
      >
        Col group B
      </th>
    </tr>
    <tr>
      <th
        colspan="1"
        rowspan="1"
        scope="col"
      >
        Col C
      </th>
      <th
        colspan="1"
        rowspan="1"
        scope="col"
      >
        Col D
      </th>
      <th
        colspan="1"
        rowspan="1"
        scope="col"
      >
        Col C
      </th>
      <th
        colspan="1"
        rowspan="1"
        scope="col"
      >
        Col D
      </th>
    </tr>
  </thead>
  <tbody>
    <tr>
      <th
        class=""
        colspan="1"
        rowspan="1"
        scope="row"
      >
        Row A
      </th>
      <td
        class="govuk-table__cell--numeric"
      >
        1
      </td>
      <td
        class="govuk-table__cell--numeric"
      >
        2
      </td>
      <td
        class="govuk-table__cell--numeric"
      >
        3
      </td>
      <td
        class="govuk-table__cell--numeric"
      >
        4
      </td>
    </tr>
    <tr>
      <th
        class=""
        colspan="1"
        rowspan="1"
        scope="row"
      >
        Row B
      </th>
      <td
        class="govuk-table__cell--numeric borderBottom"
      >
        5
      </td>
      <td
        class="govuk-table__cell--numeric borderBottom"
      >
        6
      </td>
      <td
        class="govuk-table__cell--numeric borderBottom"
      >
        7
      </td>
      <td
        class="govuk-table__cell--numeric borderBottom"
      >
        8
      </td>
    </tr>
  </tbody>
</table>
`;
