// Jest Snapshot v1, https://goo.gl/fbAQLP

exports[`dataBlockService calls API /Data endpoint 1`] = `
Object {
  "geographicLevel": "National",
  "metaData": Object {
    "filters": Object {
      "1": Object {
        "label": "All Schools",
        "value": "1",
      },
      "2": Object {
        "label": "All Pupils",
        "value": "1",
      },
    },
    "indicators": Object {
      "23": Object {
        "label": "Unauthorised absence rate",
        "unit": "%",
        "value": "23",
      },
      "26": Object {
        "label": "Overall absence rate",
        "unit": "%",
        "value": "26",
      },
      "28": Object {
        "label": "Authorised absence rate",
        "unit": "%",
        "value": "28",
      },
    },
    "locations": Object {
      "E92000001": Object {
        "geoJson": Array [
          Object {
            "geometry": Object {
              "coordinates": Array [
                Array [
                  Array [
                    Array [
                      400869.7932000002,
                      652744.4809000008,
                    ],
                    Array [
                      400910.5075000003,
                      652415.0365999993,
                    ],
                    Array [
                      400178.47229999956,
                      652575.4967,
                    ],
                  ],
                ],
              ],
              "type": "MultiPolygon",
            },
            "properties": Object {
              "code": "E92000001",
              "lat": 53.230099,
              "long": -2.07813,
              "name": "England",
              "objectid": 1,
            },
            "type": "Feature",
          },
        ],
        "label": "England",
        "value": "E92000001",
      },
      "S92000001": Object {
        "geoJson": Array [
          Object {
            "geometry": Object {
              "coordinates": Array [
                Array [
                  Array [
                    Array [
                      400869.7932000002,
                      652744.4809000008,
                    ],
                    Array [
                      400910.5075000003,
                      652415.0365999993,
                    ],
                    Array [
                      400178.47229999956,
                      652575.4967,
                    ],
                  ],
                ],
              ],
              "type": "MultiPolygon",
            },
            "properties": Object {
              "code": "S92000001",
              "lat": 53.230099,
              "long": -2.07813,
              "name": "Scotland",
              "objectid": 2,
            },
            "type": "Feature",
          },
        ],
        "label": "Scotland",
        "value": "S92000001",
      },
    },
    "timePeriods": Object {
      "2014_HT6": Object {
        "code": "HT6",
        "year": 2014,
      },
      "2015_HT6": Object {
        "code": "HT6",
        "year": 2015,
      },
    },
  },
  "publicationId": "test",
  "releaseDate": Object {},
  "releaseId": "1",
  "result": Array [
    Object {
      "filters": Array [
        "1",
        "2",
      ],
      "location": Object {
        "country": Object {
          "country_code": "E92000001",
          "country_name": "England",
        },
        "localAuthority": Object {
          "la_name": "",
          "new_la_code": "",
          "old_la_code": "",
        },
        "localAuthorityDistrict": Object {
          "sch_lad_code": "",
          "sch_lad_name": "",
        },
        "region": Object {
          "region_code": "",
          "region_name": "",
        },
      },
      "measures": Object {
        "23": "3",
        "26": "10",
        "28": "5",
      },
      "timeIdentifier": "HT6",
      "year": 2014,
    },
    Object {
      "filters": Array [
        "1",
        "2",
      ],
      "location": Object {
        "country": Object {
          "country_code": "E92000001",
          "country_name": "England",
        },
        "localAuthority": Object {
          "la_name": "",
          "new_la_code": "",
          "old_la_code": "",
        },
        "localAuthorityDistrict": Object {
          "sch_lad_code": "",
          "sch_lad_name": "",
        },
        "region": Object {
          "region_code": "",
          "region_name": "",
        },
      },
      "measures": Object {
        "23": "3",
        "26": "10",
        "28": "5",
      },
      "timeIdentifier": "HT6",
      "year": 2015,
    },
  ],
  "subjectId": 1,
}
`;
