// Jest Snapshot v1, https://goo.gl/fbAQLP

exports[`DataBlock renders summary 1`] = `
<section
  aria-labelledby="datablock_test_summary-tab"
  class="govuk-tabs__panel dfe-content-overflow panel"
  data-testid="Summary"
  id="datablock_test_summary"
  role="tabpanel"
  tabindex="-1"
>
  <h3>
    Summary
  </h3>
  <div
    class="keyStatsContainer"
  >
    <div
      class="keyStatTile"
    >
      <div
        class="keyStat"
      >
        <h3
          class="govuk-heading-s"
        >
          Unauthorised absence rate
        </h3>
        <p
          class="govuk-heading-xl"
          data-testid="tile Unauthorised absence rate"
        >
          3
          %
        </p>
        <p
          class="govuk-body-s"
        >
          up 10%
        </p>
      </div>
      <details
        class="govuk-details"
        role="group"
      >
        <summary
          aria-controls="details-content-4"
          aria-expanded="false"
          class="govuk-details__summary"
          role="button"
          tabindex="0"
        >
          <span
            class="govuk-details__summary-text"
            data-testid="details--expand"
          >
            What is Unauthorised absence rate?
          </span>
        </summary>
        <div
          aria-hidden="true"
          class="govuk-details__text"
          id="details-content-4"
        >
          Overall absence is the adipisicing elit. Dolorum hic nobis voluptas quidem fugiat enim ipsa reprehenderit nulla.
        </div>
      </details>
    </div>
    <div
      class="keyStatTile"
    >
      <div
        class="keyStat"
      >
        <h3
          class="govuk-heading-s"
        >
          Overall absence rate
        </h3>
        <p
          class="govuk-heading-xl"
          data-testid="tile Overall absence rate"
        >
          10
          %
        </p>
        <p
          class="govuk-body-s"
        >
          down 10%
        </p>
      </div>
      <details
        class="govuk-details"
        role="group"
      >
        <summary
          aria-controls="details-content-5"
          aria-expanded="false"
          class="govuk-details__summary"
          role="button"
          tabindex="0"
        >
          <span
            class="govuk-details__summary-text"
            data-testid="details--expand"
          >
            What is Overall absence rate?
          </span>
        </summary>
        <div
          aria-hidden="true"
          class="govuk-details__text"
          id="details-content-5"
        >
          Overall absence is the adipisicing elit. Dolorum hic nobis voluptas quidem fugiat enim ipsa reprehenderit nulla.
        </div>
      </details>
    </div>
    <div
      class="keyStatTile"
    >
      <div
        class="keyStat"
      >
        <h3
          class="govuk-heading-s"
        >
          Authorised absence rate
        </h3>
        <p
          class="govuk-heading-xl"
          data-testid="tile Authorised absence rate"
        >
          5
          %
        </p>
        <p
          class="govuk-body-s"
        >
          up 11%
        </p>
      </div>
      <details
        class="govuk-details"
        role="group"
      >
        <summary
          aria-controls="details-content-6"
          aria-expanded="false"
          class="govuk-details__summary"
          role="button"
          tabindex="0"
        >
          <span
            class="govuk-details__summary-text"
            data-testid="details--expand"
          >
            What is Authorised absence rate?
          </span>
        </summary>
        <div
          aria-hidden="true"
          class="govuk-details__text"
          id="details-content-6"
        >
          Overall absence is the adipisicing elit. Dolorum hic nobis voluptas quidem fugiat enim ipsa reprehenderit nulla.
        </div>
      </details>
    </div>
  </div>
  &lt;div&gt;test&lt;/div&gt;
</section>
`;

exports[`DataBlock renders table 1`] = `
<table
  class="govuk-table"
>
  <caption
    class="govuk-heading-s"
  >
    Table representing
  </caption>
  <thead
    class="govuk-table__head"
  >
    <tr>
      <th
        class="govuk-table__header"
      />
      <th
        class="govuk-table__header govuk-table__cell--numeric"
        scope="col"
      >
        2014
      </th>
      <th
        class="govuk-table__header govuk-table__cell--numeric"
        scope="col"
      >
        2015
      </th>
    </tr>
  </thead>
  <tbody
    class="govuk-table__body"
  >
    <tr
      class="govuk-table__row "
    >
      <th
        class="govuk-table__header"
      >
        Unauthorised absence rate
      </th>
      <td
        class="govuk-table__cell govuk-table__cell--numeric"
      >
        3
      </td>
      <td
        class="govuk-table__cell govuk-table__cell--numeric"
      >
        3
      </td>
    </tr>
    <tr
      class="govuk-table__row "
    >
      <th
        class="govuk-table__header"
      >
        Overall absence rate
      </th>
      <td
        class="govuk-table__cell govuk-table__cell--numeric"
      >
        10
      </td>
      <td
        class="govuk-table__cell govuk-table__cell--numeric"
      >
        10
      </td>
    </tr>
    <tr
      class="govuk-table__row "
    >
      <th
        class="govuk-table__header"
      >
        Authorised absence rate
      </th>
      <td
        class="govuk-table__cell govuk-table__cell--numeric"
      >
        5
      </td>
      <td
        class="govuk-table__cell govuk-table__cell--numeric"
      >
        5
      </td>
    </tr>
  </tbody>
</table>
`;
