// Jest Snapshot v1, https://goo.gl/fbAQLP

exports[`FormFieldTextInput renders correctly 1`] = `
<div class="govuk-form-group">
  <label class="govuk-label"
         for="testField"
  >
    Test field
  </label>
  <input name="testField"
         class="govuk-input"
         id="testField"
         type="text"
         value
  >
</div>
`;
