// Jest Snapshot v1, https://jestjs.io/docs/snapshot-testing

exports[`FormNumberInput renders correctly with minimal props 1`] = `
<label class="govuk-label"
       for="test-input"
>
  Test input
</label>
<input class="govuk-input"
       id="test-input"
       inputmode="numeric"
       type="text"
       value
       name="test"
>
`;
