// Jest Snapshot v1, https://goo.gl/fbAQLP

exports[`FormComboBox renders with no options by default 1`] = `
<div
  className="container"
  onClick={[Function]}
  onKeyDown={[Function]}
  role="none"
>
  <label
    className="govuk-label"
    htmlFor="test-combobox-input"
  >
    Choose option
  </label>
  <input
    aria-autocomplete="list"
    aria-controls="test-combobox-options"
    aria-expanded={true}
    aria-haspopup="listbox"
    className="searchInput govuk-input"
    id="test-combobox-input"
    onChange={[Function]}
    onKeyDown={[Function]}
    role="combobox"
    type="text"
    value=""
  />
</div>
`;

exports[`FormComboBox renders with options in correct order when input changes 1`] = `
<div
  className="container"
  onClick={[Function]}
  onKeyDown={[Function]}
  role="none"
>
  <label
    className="govuk-label"
    htmlFor="test-combobox-input"
  >
    Choose option
  </label>
  <input
    aria-autocomplete="list"
    aria-controls="test-combobox-options"
    aria-expanded={true}
    aria-haspopup="listbox"
    className="searchInput govuk-input"
    id="test-combobox-input"
    onChange={[Function]}
    onKeyDown={[Function]}
    role="combobox"
    type="text"
    value=""
  />
</div>
`;
